Warning message:
package 'dplyr' was built under R version 4.5.3 
Loading fishing ensemble baleen LTL...
Loading climate-only ensemble baleen LTL...
  2111 simulation pairs

Computing decade ratios...
IQR summary:
# A tibble: 11 × 4
   decade    q25   med   q75
   <fct>   <dbl> <dbl> <dbl>
 1 1901–10 1     1     1    
 2 1911–20 1     1     1    
 3 1921–30 1     1     1    
 4 1931–40 0.735 0.910 0.974
 5 1941–50 0.554 0.829 0.946
 6 1951–60 0.454 0.774 0.927
 7 1961–70 0.396 0.745 0.913
 8 1971–80 0.336 0.597 0.839
 9 1981–90 0.231 0.548 0.816
10 1991–00 0.230 0.551 0.822
11 2001–10 0.229 0.552 0.822

Generating IQR plot...
Saved: whale_consumption_outputs/baleen_ltl_decade_ratio_iqr.png
Saved: whale_consumption_outputs/baleen_ltl_decade_ratio_iqr.pdf
Done.
