Warning message:
package 'dplyr' was built under R version 4.5.3 
Loading required package: viridisLite
Warning messages:
1: package 'tidyr' was built under R version 4.5.2 
2: package 'viridisLite' was built under R version 4.5.2 
3: package 'patchwork' was built under R version 4.5.3 
4: package 'ggtext' was built under R version 4.5.2 
Loading cached data...
  w_min variant: wmin_1g
Deriving thresholds & paired comparisons...

Empirical B0 reference thresholds:
  BIOMASS METRICS (median [Q05-Q95]):
    total_biomass            : 88742698719018.0938 [61451048314386.0547 - 148514948932860.4375]
    ltl_biomass              : 70157702352621.9062 [48668339609540.8125 - 119529668327756.5625]
    krill_biomass            : 13176081420009.1895 [1958371795322.8623 - 36368264081346.2031]
    minke_biomass            : 27321363715.5706 [6560689719.9942 - 23367052032654.7891]
    apex_biomass             : 40276390424.8537 [27609897894.4304 - 2914733470940.0562]
    sperm_biomass            : 24967276755.8898 [14440126542.2658 - 2903133108426.9521]
    baleen_biomass           : 1425271479720.1943 [211276621577.9755 - 36939361643209.1562]
    fish_biomass             : 10344564489783.2168 [4899419179711.1748 - 14499537219006.0977]
  STRUCTURAL METRICS (median [Q05-Q95] = natural range envelope):
    spectrum_slope           :    -1.3651 [   -1.4048 -    -1.3053]
    spectrum_intercept       :    12.5855 [   12.2503 -    12.7880]
    mean_tl                  :     3.5262 [    3.4438 -     3.7207]
    htl_indicator            :     0.1842 [    0.0630 -     0.3061]
    large_fish_indicator     :     0.9301 [    0.8028 -     0.9517]
    fish_lfi                 :     0.4873 [    0.4218 -     0.5522]
    shannon_diversity        :     1.8080 [    1.4491 -     1.9653]
    w_statistic              :     0.3187 [    0.2251 -     0.7383]
    production_biomass_ratio :     0.2333 [    0.1020 -     0.3155]
    fish_pb_ratio            :     0.2361 [    0.1914 -     0.4945]
    marine_mammal_pb_ratio   :     0.0023 [    0.0002 -     0.0080]
    spectrum_mle_exponent    :    -2.3705 [   -3.6964 -    -1.9410]
    spectrum_lcd_exponent    :    -2.1387 [   -2.2457 -    -1.9688]
    spectrum_lbnbiom_slope   :    -1.2957 [   -1.3550 -    -1.2082]
    mean_weight              :   261.1074 [  125.7350 -   753.8174]
    mean_max_weight          : 1747142.6754 [328048.5180 - 20651654.1379]
    predator_prey_ratio      :     0.0049 [    0.0027 -     0.3208]
    consumer_ltl_ratio       :     0.2095 [    0.1349 -     0.6263]

Computing paired comparisons...
  Paired records: 35887 (2111 sims x 17 decades)
Summarizing...
  Summarizing biomass ratios...
    exploit: 136 records
    absolute: 136 records
    climate: 136 records
  Summarizing structural deviations...
    exploit: 306 records
    absolute: 306 records
    climate: 306 records
Generating absolute 50% CI heatmap...
  Biomass panel: 8 metrics x 11 decades
  Structural panel: 10 metrics x 11 decades (skill-score normalised, null=50%)
  Saved combined heatmap: heatmap_combined_absolute_50ci_wmin_1g.png + .pdf + .tiff
There were 50 or more warnings (use warnings() to see the first 50)

Done.
